Invalid settings detected: Failed to parse key length: invalid digit found in string

See srt-transmit --help for more info