Invalid settings detected: multiplex is not a valid option for input urls

See srt-transmit --help for more info
