Invalid settings detected: Unexpected value for multiplex: yes

See srt-transmit --help for more info
