Invalid settings detected: pbkeylen specified with no passphrase

See srt-transmit --help for more info